// Jest Snapshot v1, https://goo.gl/fbAQLP

exports[`NearMeScreen App should match snapshot 1`] = `ShallowWrapper {}`;
